MPLINK 4.49, Linker
Linker Map File - Created Sat Dec 08 00:42:24 2018

                                 Section Info
                  Section       Type    Address   Location Size(Bytes)
                ---------  ---------  ---------  ---------  ---------
                   .org_0       code   0x000000    program   0x000000
                   .org_1       code   0x000000    program   0x000002
                   .org_2       code   0x000004    program   0x000086
.config_2007_UYGULAMA-82.O       code   0x002007    program   0x000002



                              Program Memory Usage 
                               Start         End      
                           ---------   ---------      
                            0x000000    0x000000      
                            0x000004    0x000046      
                            0x002007    0x002007      
            69 out of 8454 program addresses used, program memory utilization is 0%



                              Symbols - Sorted by Name
                     Name    Address   Location    Storage File                     
                ---------  ---------  ---------  --------- ---------                
                ANA_METOT   0x000005    program     static D:\mikroislemciler\2018GuzDonemi\82.uygulama\uygulama-82.asm
                  GECIKME   0x00003e    program     static D:\mikroislemciler\2018GuzDonemi\82.uygulama\uygulama-82.asm
              KESME_METOT   0x000029    program     static D:\mikroislemciler\2018GuzDonemi\82.uygulama\uygulama-82.asm
                  KONTROL   0x000028    program     static D:\mikroislemciler\2018GuzDonemi\82.uygulama\uygulama-82.asm
                  TEKRAR1   0x000040    program     static D:\mikroislemciler\2018GuzDonemi\82.uygulama\uygulama-82.asm
                  TEKRAR2   0x000042    program     static D:\mikroislemciler\2018GuzDonemi\82.uygulama\uygulama-82.asm



                              Symbols - Sorted by Address
                     Name    Address   Location    Storage File                     
                ---------  ---------  ---------  --------- ---------                
                ANA_METOT   0x000005    program     static D:\mikroislemciler\2018GuzDonemi\82.uygulama\uygulama-82.asm
                  KONTROL   0x000028    program     static D:\mikroislemciler\2018GuzDonemi\82.uygulama\uygulama-82.asm
              KESME_METOT   0x000029    program     static D:\mikroislemciler\2018GuzDonemi\82.uygulama\uygulama-82.asm
                  GECIKME   0x00003e    program     static D:\mikroislemciler\2018GuzDonemi\82.uygulama\uygulama-82.asm
                  TEKRAR1   0x000040    program     static D:\mikroislemciler\2018GuzDonemi\82.uygulama\uygulama-82.asm
                  TEKRAR2   0x000042    program     static D:\mikroislemciler\2018GuzDonemi\82.uygulama\uygulama-82.asm


